\BOOKMARK [1][-]{section.1}{\376\377\172\313\230\171\117\235\143\156\116\016\170\024\172\166\121\205\133\271}{}% 1
\BOOKMARK [2][-]{subsection.1.1}{\376\377\230\171\166\356\166\204\172\313\230\171\117\235\143\156}{section.1}% 2
\BOOKMARK [3][-]{subsubsection.1.1.1}{\376\377\170\024\172\166\141\017\116\111}{subsection.1.1}% 3
\BOOKMARK [3][-]{subsubsection.1.1.2}{\376\377\126\375\121\205\131\026\170\024\172\166\163\260\162\266\123\312\123\321\134\125\122\250\140\001}{subsection.1.1}% 4
\BOOKMARK [3][-]{subsubsection.1.1.3}{\376\377\116\016\165\063\213\367\143\007\123\127\166\204\121\163\174\373}{subsection.1.1}% 5
\BOOKMARK [2][-]{subsection.1.2}{\376\377\230\171\166\356\166\204\170\024\172\166\121\205\133\271\060\001\170\024\172\166\166\356\150\007\123\312\142\337\211\343\121\263\166\204\121\163\225\056\171\321\133\146\225\356\230\230}{section.1}% 6
\BOOKMARK [3][-]{subsubsection.1.2.1}{\376\377\170\024\172\166\121\205\133\271}{subsection.1.2}% 7
\BOOKMARK [3][-]{subsubsection.1.2.2}{\376\377\170\024\172\166\166\356\150\007\116\016\200\003\150\070\143\007\150\007}{subsection.1.2}% 8
\BOOKMARK [3][-]{subsubsection.1.2.3}{\376\377\142\337\211\343\121\263\166\204\121\163\225\056\171\321\133\146\225\356\230\230}{subsection.1.2}% 9
\BOOKMARK [2][-]{subsection.1.3}{\376\377\142\337\221\307\123\326\166\204\170\024\172\166\145\271\150\110\123\312\123\357\210\114\140\047\122\006\147\220}{section.1}% 10
\BOOKMARK [3][-]{subsubsection.1.3.1}{\376\377\140\073\117\123\170\024\172\166\140\035\215\357\116\016\142\200\147\057\215\357\176\277}{subsection.1.3}% 11
\BOOKMARK [3][-]{subsubsection.1.3.2}{\376\377\120\022\177\156\122\250\122\233\133\146\116\016\147\324\140\047\145\057\144\221\117\134\165\050\166\204\176\337\116\000\210\150\137\201}{subsection.1.3}% 12
\BOOKMARK [3][-]{subsubsection.1.3.3}{\376\377\227\142\124\021\176\323\147\204\124\315\136\224\166\204\226\073\142\227\040\023\000Q\000P\143\247\122\066}{subsection.1.3}% 13
\BOOKMARK [3][-]{subsubsection.1.3.4}{\376\377\116\016\226\073\142\227\040\023\000Q\000P\166\370\133\271\166\204\153\213\135\356\137\072\123\026\133\146\116\140}{subsection.1.3}% 14
\BOOKMARK [3][-]{subsubsection.1.3.5}{\376\377\127\060\227\142\133\236\232\214\145\271\150\110\116\016\213\304\116\367\145\271\154\325}{subsection.1.3}% 15
\BOOKMARK [3][-]{subsubsection.1.3.6}{\376\377\123\357\210\114\140\047\122\006\147\220}{subsection.1.3}% 16
\BOOKMARK [2][-]{subsection.1.4}{\376\377\147\054\230\171\166\356\166\204\162\171\202\162\116\016\122\033\145\260\116\113\131\004}{section.1}% 17
\BOOKMARK [2][-]{subsection.1.5}{\376\377\136\164\136\246\170\024\172\166\213\241\122\022\123\312\230\204\147\037\170\024\172\166\142\020\147\234}{section.1}% 18
\BOOKMARK [3][-]{subsubsection.1.5.1}{\376\377\136\164\136\246\170\024\172\166\213\241\122\022}{subsection.1.5}% 19
\BOOKMARK [3][-]{subsubsection.1.5.2}{\376\377\230\204\147\037\170\024\172\166\142\020\147\234\116\016\133\146\147\057\116\244\155\101}{subsection.1.5}% 20
\BOOKMARK [1][-]{section.2}{\376\377\170\024\172\166\127\372\170\100\116\016\135\345\117\134\147\141\116\366}{}% 21
\BOOKMARK [2][-]{subsection.2.1}{\376\377\135\345\117\134\127\372\170\100}{section.2}% 22
\BOOKMARK [2][-]{subsection.2.2}{\376\377\135\345\117\134\147\141\116\366}{section.2}% 23
\BOOKMARK [2][-]{subsection.2.3}{\376\377\165\063\213\367\116\272\173\200\116\313}{section.2}% 24
\BOOKMARK [2][-]{subsection.2.4}{\376\377\230\171\166\356\176\304\116\073\211\201\142\020\124\130\173\200\116\313}{section.2}% 25
\BOOKMARK [2][-]{subsection.2.5}{\376\377\217\321\116\224\136\164\142\177\142\305\171\321\170\024\230\171\166\356\140\305\121\265}{section.2}% 26
\BOOKMARK [1][-]{section.3}{\376\377\176\317\215\071\230\204\173\227}{}% 27
